------------------------------------------------------------
Timing Analyzer Summary
------------------------------------------------------------

Type  : Slow 1200mV 85C Model Setup 'adc_clk'
Slack : -892.217
TNS   : -4460.668

Type  : Slow 1200mV 85C Model Setup 'mic_adc|adc_mega_0|ADC_CTRL|adc_pll|auto_generated|pll1|clk[0]'
Slack : -11.301
TNS   : -66.516

Type  : Slow 1200mV 85C Model Hold 'adc_clk'
Slack : 0.267
TNS   : 0.000

Type  : Slow 1200mV 85C Model Hold 'mic_adc|adc_mega_0|ADC_CTRL|adc_pll|auto_generated|pll1|clk[0]'
Slack : 6.207
TNS   : 0.000

Type  : Slow 1200mV 85C Model Minimum Pulse Width 'adc_clk'
Slack : 4.529
TNS   : 0.000

Type  : Slow 1200mV 85C Model Minimum Pulse Width 'mic_adc|adc_mega_0|ADC_CTRL|adc_pll|auto_generated|pll1|clk[0]'
Slack : 4.575
TNS   : 0.000

Type  : Slow 1200mV 0C Model Setup 'adc_clk'
Slack : -884.130
TNS   : -4420.266

Type  : Slow 1200mV 0C Model Setup 'mic_adc|adc_mega_0|ADC_CTRL|adc_pll|auto_generated|pll1|clk[0]'
Slack : -9.882
TNS   : -58.219

Type  : Slow 1200mV 0C Model Hold 'adc_clk'
Slack : 0.266
TNS   : 0.000

Type  : Slow 1200mV 0C Model Hold 'mic_adc|adc_mega_0|ADC_CTRL|adc_pll|auto_generated|pll1|clk[0]'
Slack : 4.836
TNS   : 0.000

Type  : Slow 1200mV 0C Model Minimum Pulse Width 'adc_clk'
Slack : 4.541
TNS   : 0.000

Type  : Slow 1200mV 0C Model Minimum Pulse Width 'mic_adc|adc_mega_0|ADC_CTRL|adc_pll|auto_generated|pll1|clk[0]'
Slack : 4.631
TNS   : 0.000

Type  : Fast 1200mV 0C Model Setup 'adc_clk'
Slack : -844.136
TNS   : -4220.530

Type  : Fast 1200mV 0C Model Setup 'mic_adc|adc_mega_0|ADC_CTRL|adc_pll|auto_generated|pll1|clk[0]'
Slack : -3.804
TNS   : -22.184

Type  : Fast 1200mV 0C Model Hold 'mic_adc|adc_mega_0|ADC_CTRL|adc_pll|auto_generated|pll1|clk[0]'
Slack : -0.117
TNS   : -0.241

Type  : Fast 1200mV 0C Model Hold 'adc_clk'
Slack : 0.109
TNS   : 0.000

Type  : Fast 1200mV 0C Model Minimum Pulse Width 'adc_clk'
Slack : 4.271
TNS   : 0.000

Type  : Fast 1200mV 0C Model Minimum Pulse Width 'mic_adc|adc_mega_0|ADC_CTRL|adc_pll|auto_generated|pll1|clk[0]'
Slack : 4.903
TNS   : 0.000

------------------------------------------------------------
